src/shop.ts(128,63): error TS1127: Invalid character.
src/shop.ts(128,64): error TS1136: Property assignment expected.
src/shop.ts(181,1): error TS1160: Unterminated template literal.
src/ui.ts(145,58): error TS1127: Invalid character.
src/ui.ts(500,1): error TS1160: Unterminated template literal.
